2024-07-31 19:48:43,050 : INFO : root : Loading config.
2024-07-31 19:48:43,052 : INFO : YamlMultifileConfigLoader : Machine config file #1: config.yaml
2024-07-31 19:48:43,052 : INFO : ConfigProcessor : Loading config from cache: C:\Users\octo\AppData\Local\Temp\a3df6362b16bcba4463c79dac6b0ae5c.mpf_cache
2024-07-31 19:48:43,092 : INFO : ConfigProcessor : Loading config from cache: C:\Users\octo\AppData\Local\Temp\450f55d68e188bbe4f17466af7580967.mpf_cache
2024-07-31 19:48:43,092 : INFO : ConfigProcessor : Loading config from cache: C:\Users\octo\AppData\Local\Temp\5cdf3f6f669e12795623fbd605d1b6a0.mpf_cache
2024-07-31 19:48:43,093 : INFO : ConfigProcessor : Loading config from cache: C:\Users\octo\AppData\Local\Temp\adbc53240c55849f1d16102f174765f8.mpf_cache
2024-07-31 19:48:43,093 : INFO : ConfigProcessor : Loading config from cache: C:\Users\octo\AppData\Local\Temp\450f55d68e188bbe4f17466af7580967.mpf_cache
2024-07-31 19:48:43,093 : INFO : Machine : Mission Pinball Framework Core Engine v0.80.0.dev1
2024-07-31 19:48:43,093 : INFO : Machine : Command line arguments: {'no_load_cache': False, 'create_config_cache': True, 'bcp': True, 'configfile': ['config.yaml'], 'force_assets_load': False, 'platform_integration_test': False, 'jsonlogging': False, 'logfile': 'logs\\2024-07-31-19-48-43-mpf-DESKTOP-BQT92E0.log', 'pause': False, 'production': False, 'text_ui': True, 'loglevel': 15, 'consoleloglevel': 20, 'force_platform': 'virtual', 'syslog_address': None, 'mc_file_name': None, 'no_sound': False}
2024-07-31 19:48:43,093 : INFO : Machine : MPF path: c:\git\new folder (6)\mpf\mpf
2024-07-31 19:48:43,093 : INFO : Machine : Machine path: C:\Users\octo\Documents\fast_homebrew_godot
2024-07-31 19:48:43,093 : INFO : Machine : Platform: win32
2024-07-31 19:48:43,093 : INFO : Machine : Python executable location: C:\Users\octo\AppData\Local\Programs\Python\Python310\python.exe
2024-07-31 19:48:43,093 : INFO : Machine : Python version: 3.10.0 (64-bit)
2024-07-31 19:48:43,094 : INFO : Machine : Initializing MPF...
2024-07-31 19:48:43,232 : INFO : EventManager : Event: ======'machine_var_credits_string'====== Args={'value': 'FREE PLAY', 'prev_value': None, 'change': True}
2024-07-31 19:48:43,241 : INFO : EventManager : Event: ======'machine_var_master_volume'====== Args={'value': 0.5, 'prev_value': None, 'change': True}
2024-07-31 19:48:43,241 : INFO : EventManager : Event: ======'machine_var_mpf_version'====== Args={'value': 'Mission Pinball Framework v0.80.0.dev1', 'prev_value': None, 'change': True}
2024-07-31 19:48:43,241 : INFO : EventManager : Event: ======'machine_var_mpf_extended_version'====== Args={'value': 'Mission Pinball Framework v0.80.0.dev1, Config version:6, Show version: 6, BCP version:1.1', 'prev_value': None, 'change': True}
2024-07-31 19:48:43,241 : INFO : EventManager : Event: ======'machine_var_python_version'====== Args={'value': '3.10.0', 'prev_value': None, 'change': True}
2024-07-31 19:48:43,246 : INFO : EventManager : Event: ======'machine_var_platform'====== Args={'value': 'Windows-10-10.0.19045-SP0', 'prev_value': None, 'change': True}
2024-07-31 19:48:43,246 : INFO : EventManager : Event: ======'machine_var_platform_system'====== Args={'value': 'Windows', 'prev_value': None, 'change': True}
2024-07-31 19:48:43,246 : INFO : EventManager : Event: ======'machine_var_platform_release'====== Args={'value': '10', 'prev_value': None, 'change': True}
2024-07-31 19:48:43,246 : INFO : EventManager : Event: ======'machine_var_platform_version'====== Args={'value': '10.0.19045', 'prev_value': None, 'change': True}
2024-07-31 19:48:43,246 : INFO : EventManager : Event: ======'machine_var_platform_machine'====== Args={'value': 'AMD64', 'prev_value': None, 'change': True}
2024-07-31 19:48:43,246 : INFO : EventManager : Event: ======'init_phase_1'====== Args={}
2024-07-31 19:48:43,254 : INFO : EventManager : Event: ======'init_phase_2'====== Args={}
2024-07-31 19:48:43,254 : INFO : SwitchController : Found active switch: ('3208-0', <Platform.Virtual>) <switch.s_trough_ball_1>
2024-07-31 19:48:43,254 : INFO : SwitchController : Found active switch: ('3208-1', <Platform.Virtual>) <switch.s_trough_ball_2>
2024-07-31 19:48:43,254 : INFO : SwitchController : Found active switch: ('3208-2', <Platform.Virtual>) <switch.s_trough_ball_3>
2024-07-31 19:48:43,255 : INFO : EventManager : Event: ======'bcp_connection_attempt'====== Args={'name': 'local_display', 'host': 'localhost', 'port': 5050}
2024-07-31 19:48:43,255 : INFO : BCPClientSocket : Connecting BCP to 'local_display' at localhost:5050...
2024-07-31 19:48:51,543 : INFO : BCPClientSocket : Connected BCP to 'local_display' localhost:5050
2024-07-31 19:48:51,543 : INFO : EventManager : Event: ======'bcp_clients_connected'====== Args={}
2024-07-31 19:48:51,635 : INFO : ball_device.bd_trough : BCH: Initial count: 3
2024-07-31 19:48:51,635 : INFO : ball_device.bd_trough : State: idle
2024-07-31 19:48:51,635 : INFO : ball_device.bd_plunger : BCH: Initial count: 0
2024-07-31 19:48:51,635 : INFO : ball_device.bd_plunger : State: idle
2024-07-31 19:48:51,641 : INFO : EventManager : Event: ======'init_phase_3'====== Args={}
2024-07-31 19:48:51,641 : INFO : EventManager : Event: ======'init_phase_4'====== Args={}
2024-07-31 19:48:51,641 : INFO : BallController : Initial balls found: 3
2024-07-31 19:48:51,642 : ERROR : asyncio : Task exception was never retrieved
future: <Task finished name='Task-76' coro=<BcpServer.start() done, defined at c:\git\new folder (6)\mpf\mpf\core\bcp\bcp_server.py:23> exception=MpfRuntimeError('Failed to bind BCP Socket to 127.0.0.1 on port 5051. Is there another application running on that port?')>
Traceback (most recent call last):
  File "c:\git\new folder (6)\mpf\mpf\core\bcp\bcp_server.py", line 26, in start
    self._server = await self.machine.clock.start_server(
  File "C:\Users\octo\AppData\Local\Programs\Python\Python310\lib\asyncio\streams.py", line 84, in start_server
    return await loop.create_server(factory, host, port, **kwds)
  File "C:\Users\octo\AppData\Local\Programs\Python\Python310\lib\asyncio\base_events.py", line 1493, in create_server
    raise OSError(err.errno, 'error while attempting '
OSError: [Errno 10048] error while attempting to bind on address ('127.0.0.1', 5051): only one usage of each socket address (protocol/network address/port) is normally permitted

The above exception was the direct cause of the following exception:

Traceback (most recent call last):
  File "c:\git\new folder (6)\mpf\mpf\core\bcp\bcp_server.py", line 29, in start
    raise MpfRuntimeError("Failed to bind BCP Socket to {} on port {}. "
mpf.exceptions.runtime_error.MpfRuntimeError: Runtime Error in MPF BCP Server: Failed to bind BCP Socket to 127.0.0.1 on port 5051. Is there another application running on that port? Error Code: RE-MPF_BCP_Server-1 (https://missionpinball.org/logs)
2024-07-31 19:48:51,643 : INFO : EventManager : Event: ======'machine_var_audits_events_game_ended'====== Args={'value': 0, 'prev_value': None, 'change': True}
2024-07-31 19:48:51,643 : INFO : EventManager : Event: ======'machine_var_audits_events_game_started'====== Args={'value': 383, 'prev_value': None, 'change': True}
2024-07-31 19:48:51,643 : INFO : EventManager : Event: ======'machine_var_audits_missing_switches_s_left_flipper'====== Args={'value': 357, 'prev_value': None, 'change': True}
2024-07-31 19:48:51,643 : INFO : EventManager : Event: ======'machine_var_audits_missing_switches_s_left_flipper_eos'====== Args={'value': 357, 'prev_value': None, 'change': True}
2024-07-31 19:48:51,643 : INFO : EventManager : Event: ======'machine_var_audits_missing_switches_s_left_inner_lane'====== Args={'value': 357, 'prev_value': None, 'change': True}
2024-07-31 19:48:51,643 : INFO : EventManager : Event: ======'machine_var_audits_missing_switches_s_left_outer_lane'====== Args={'value': 153, 'prev_value': None, 'change': True}
2024-07-31 19:48:51,643 : INFO : EventManager : Event: ======'machine_var_audits_missing_switches_s_left_sling'====== Args={'value': 357, 'prev_value': None, 'change': True}
2024-07-31 19:48:51,643 : INFO : EventManager : Event: ======'machine_var_audits_missing_switches_s_mead'====== Args={'value': 267, 'prev_value': None, 'change': True}
2024-07-31 19:48:51,643 : INFO : EventManager : Event: ======'machine_var_audits_missing_switches_s_percy'====== Args={'value': 85, 'prev_value': None, 'change': True}
2024-07-31 19:48:51,643 : INFO : EventManager : Event: ======'machine_var_audits_missing_switches_s_plunger'====== Args={'value': 357, 'prev_value': None, 'change': True}
2024-07-31 19:48:51,643 : INFO : EventManager : Event: ======'machine_var_audits_missing_switches_s_pop_bumper_1'====== Args={'value': 357, 'prev_value': None, 'change': True}
2024-07-31 19:48:51,643 : INFO : EventManager : Event: ======'machine_var_audits_missing_switches_s_pop_bumper_2'====== Args={'value': 357, 'prev_value': None, 'change': True}
2024-07-31 19:48:51,643 : INFO : EventManager : Event: ======'machine_var_audits_missing_switches_s_pop_bumper_3'====== Args={'value': 357, 'prev_value': None, 'change': True}
2024-07-31 19:48:51,643 : INFO : EventManager : Event: ======'machine_var_audits_missing_switches_s_right_flipper'====== Args={'value': 357, 'prev_value': None, 'change': True}
2024-07-31 19:48:51,643 : INFO : EventManager : Event: ======'machine_var_audits_missing_switches_s_right_flipper_eos'====== Args={'value': 357, 'prev_value': None, 'change': True}
2024-07-31 19:48:51,643 : INFO : EventManager : Event: ======'machine_var_audits_missing_switches_s_right_inner_lane'====== Args={'value': 357, 'prev_value': None, 'change': True}
2024-07-31 19:48:51,643 : INFO : EventManager : Event: ======'machine_var_audits_missing_switches_s_right_outer_lane'====== Args={'value': 357, 'prev_value': None, 'change': True}
2024-07-31 19:48:51,643 : INFO : EventManager : Event: ======'machine_var_audits_missing_switches_s_right_sling'====== Args={'value': 357, 'prev_value': None, 'change': True}
2024-07-31 19:48:51,643 : INFO : EventManager : Event: ======'machine_var_audits_missing_switches_s_scanlan'====== Args={'value': 204, 'prev_value': None, 'change': True}
2024-07-31 19:48:51,643 : INFO : EventManager : Event: ======'machine_var_audits_missing_switches_s_trough_ball_1'====== Args={'value': 357, 'prev_value': None, 'change': True}
2024-07-31 19:48:51,644 : INFO : EventManager : Event: ======'machine_var_audits_missing_switches_s_trough_ball_2'====== Args={'value': 357, 'prev_value': None, 'change': True}
2024-07-31 19:48:51,644 : INFO : EventManager : Event: ======'machine_var_audits_missing_switches_s_trough_ball_3'====== Args={'value': 357, 'prev_value': None, 'change': True}
2024-07-31 19:48:51,644 : INFO : EventManager : Event: ======'machine_var_audits_missing_switches_s_trough_ball_4'====== Args={'value': 272, 'prev_value': None, 'change': True}
2024-07-31 19:48:51,644 : INFO : EventManager : Event: ======'machine_var_audits_missing_switches_s_trough_ball_5'====== Args={'value': 357, 'prev_value': None, 'change': True}
2024-07-31 19:48:51,644 : INFO : EventManager : Event: ======'machine_var_audits_missing_switches_s_trough_ball_6'====== Args={'value': 89, 'prev_value': None, 'change': True}
2024-07-31 19:48:51,644 : INFO : EventManager : Event: ======'machine_var_audits_missing_switches_s_trough_ball_jam'====== Args={'value': 357, 'prev_value': None, 'change': True}
2024-07-31 19:48:51,644 : INFO : EventManager : Event: ======'machine_var_audits_player_score'====== Args={'value': {'average': 0, 'top': [], 'total': 0}, 'prev_value': None, 'change': True}
2024-07-31 19:48:51,644 : INFO : EventManager : Event: ======'machine_var_audits_shots_mead_shot'====== Args={'value': 223, 'prev_value': None, 'change': True}
2024-07-31 19:48:51,644 : INFO : EventManager : Event: ======'machine_var_audits_shots_percy_shot'====== Args={'value': 56, 'prev_value': None, 'change': True}
2024-07-31 19:48:51,644 : INFO : EventManager : Event: ======'machine_var_audits_shots_scanlan_shot'====== Args={'value': 121, 'prev_value': None, 'change': True}
2024-07-31 19:48:51,644 : INFO : EventManager : Event: ======'machine_var_audits_shots_video_shot_1'====== Args={'value': 24, 'prev_value': None, 'change': True}
2024-07-31 19:48:51,644 : INFO : EventManager : Event: ======'machine_var_audits_shots_video_shot_2'====== Args={'value': 20, 'prev_value': None, 'change': True}
2024-07-31 19:48:51,644 : INFO : EventManager : Event: ======'machine_var_audits_switches_s_auto_launcher'====== Args={'value': 0, 'prev_value': None, 'change': True}
2024-07-31 19:48:51,644 : INFO : EventManager : Event: ======'machine_var_audits_switches_s_ball_drain'====== Args={'value': 0, 'prev_value': None, 'change': True}
2024-07-31 19:48:51,644 : INFO : EventManager : Event: ======'machine_var_audits_switches_s_left_flipper'====== Args={'value': 36, 'prev_value': None, 'change': True}
2024-07-31 19:48:51,644 : INFO : EventManager : Event: ======'machine_var_audits_switches_s_left_flipper_eos'====== Args={'value': 0, 'prev_value': None, 'change': True}
2024-07-31 19:48:51,644 : INFO : EventManager : Event: ======'machine_var_audits_switches_s_left_inner_lane'====== Args={'value': 0, 'prev_value': None, 'change': True}
2024-07-31 19:48:51,645 : INFO : EventManager : Event: ======'machine_var_audits_switches_s_left_outer_lane'====== Args={'value': 0, 'prev_value': None, 'change': True}
2024-07-31 19:48:51,645 : INFO : EventManager : Event: ======'machine_var_audits_switches_s_left_sling'====== Args={'value': 7, 'prev_value': None, 'change': True}
2024-07-31 19:48:51,645 : INFO : EventManager : Event: ======'machine_var_audits_switches_s_mead'====== Args={'value': 0, 'prev_value': None, 'change': True}
2024-07-31 19:48:51,645 : INFO : EventManager : Event: ======'machine_var_audits_switches_s_percy'====== Args={'value': 0, 'prev_value': None, 'change': True}
2024-07-31 19:48:51,645 : INFO : EventManager : Event: ======'machine_var_audits_switches_s_plunger'====== Args={'value': 9, 'prev_value': None, 'change': True}
2024-07-31 19:48:51,645 : INFO : EventManager : Event: ======'machine_var_audits_switches_s_pop_bumper_1'====== Args={'value': 0, 'prev_value': None, 'change': True}
2024-07-31 19:48:51,645 : INFO : EventManager : Event: ======'machine_var_audits_switches_s_pop_bumper_2'====== Args={'value': 0, 'prev_value': None, 'change': True}
2024-07-31 19:48:51,645 : INFO : EventManager : Event: ======'machine_var_audits_switches_s_pop_bumper_3'====== Args={'value': 0, 'prev_value': None, 'change': True}
2024-07-31 19:48:51,645 : INFO : EventManager : Event: ======'machine_var_audits_switches_s_right_flipper'====== Args={'value': 131, 'prev_value': None, 'change': True}
2024-07-31 19:48:51,645 : INFO : EventManager : Event: ======'machine_var_audits_switches_s_right_flipper_eos'====== Args={'value': 0, 'prev_value': None, 'change': True}
2024-07-31 19:48:51,645 : INFO : EventManager : Event: ======'machine_var_audits_switches_s_right_inner_lane'====== Args={'value': 0, 'prev_value': None, 'change': True}
2024-07-31 19:48:51,645 : INFO : EventManager : Event: ======'machine_var_audits_switches_s_right_outer_lane'====== Args={'value': 0, 'prev_value': None, 'change': True}
2024-07-31 19:48:51,645 : INFO : EventManager : Event: ======'machine_var_audits_switches_s_right_sling'====== Args={'value': 3, 'prev_value': None, 'change': True}
2024-07-31 19:48:51,645 : INFO : EventManager : Event: ======'machine_var_audits_switches_s_scanlan'====== Args={'value': 0, 'prev_value': None, 'change': True}
2024-07-31 19:48:51,645 : INFO : EventManager : Event: ======'machine_var_audits_switches_s_start'====== Args={'value': 38, 'prev_value': None, 'change': True}
2024-07-31 19:48:51,646 : INFO : EventManager : Event: ======'machine_var_audits_switches_s_switch_2'====== Args={'value': 0, 'prev_value': None, 'change': True}
2024-07-31 19:48:51,646 : INFO : EventManager : Event: ======'machine_var_audits_switches_s_trough_ball_1'====== Args={'value': 4, 'prev_value': None, 'change': True}
2024-07-31 19:48:51,646 : INFO : EventManager : Event: ======'machine_var_audits_switches_s_trough_ball_2'====== Args={'value': 4, 'prev_value': None, 'change': True}
2024-07-31 19:48:51,646 : INFO : EventManager : Event: ======'machine_var_audits_switches_s_trough_ball_3'====== Args={'value': 1, 'prev_value': None, 'change': True}
2024-07-31 19:48:51,646 : INFO : EventManager : Event: ======'machine_var_audits_switches_s_trough_ball_4'====== Args={'value': 0, 'prev_value': None, 'change': True}
2024-07-31 19:48:51,646 : INFO : EventManager : Event: ======'machine_var_audits_switches_s_trough_ball_5'====== Args={'value': 0, 'prev_value': None, 'change': True}
2024-07-31 19:48:51,646 : INFO : EventManager : Event: ======'machine_var_audits_switches_s_trough_ball_6'====== Args={'value': 1, 'prev_value': None, 'change': True}
2024-07-31 19:48:51,646 : INFO : EventManager : Event: ======'machine_var_audits_switches_s_trough_ball_jam'====== Args={'value': 3, 'prev_value': None, 'change': True}
2024-07-31 19:48:51,646 : INFO : EventManager : Event: ======'machine_var_audits_switches_s_trough_eject_coil'====== Args={'value': 0, 'prev_value': None, 'change': True}
2024-07-31 19:48:51,646 : INFO : EventManager : Event: ======'machine_var_audits_switches_s_left_outlane'====== Args={'value': 0, 'prev_value': None, 'change': True}
2024-07-31 19:48:51,646 : INFO : EventManager : Event: ======'machine_var_audits_switches_s_launch'====== Args={'value': 0, 'prev_value': None, 'change': True}
2024-07-31 19:48:51,646 : INFO : EventManager : Event: ======'machine_var_audits_switches_s_right_inlane'====== Args={'value': 0, 'prev_value': None, 'change': True}
2024-07-31 19:48:51,646 : INFO : EventManager : Event: ======'machine_var_audits_switches_s_left_inlane'====== Args={'value': 0, 'prev_value': None, 'change': True}
2024-07-31 19:48:51,647 : INFO : EventManager : Event: ======'machine_var_audits_switches_s_right_outlane'====== Args={'value': 0, 'prev_value': None, 'change': True}
2024-07-31 19:48:51,647 : INFO : EventManager : Event: ======'init_phase_5'====== Args={}
2024-07-31 19:48:51,675 : INFO : EventManager : Event: ======'init_done'====== Args={}
2024-07-31 19:48:51,675 : INFO : Machine : Starting the main run loop.
2024-07-31 19:48:51,675 : INFO : EventManager : Event: ======'machine_reset_phase_1'====== Args={}
2024-07-31 19:48:51,676 : INFO : Machine : Shutting down...
2024-07-31 19:48:51,676 : INFO : EventManager : Event: ======'shutdown'====== Args={}
2024-07-31 19:48:51,676 : ERROR : root : no running event loop
Traceback (most recent call last):
  File "c:\git\new folder (6)\mpf\mpf\commands\game.py", line 240, in __init__
    self.machine.run()
  File "c:\git\new folder (6)\mpf\mpf\core\machine.py", line 689, in run
    self._run_loop()
  File "c:\git\new folder (6)\mpf\mpf\core\machine.py", line 789, in _run_loop
    self._crash_shutdown()
  File "c:\git\new folder (6)\mpf\mpf\core\machine.py", line 734, in _crash_shutdown
    self._do_stop()
  File "c:\git\new folder (6)\mpf\mpf\core\machine.py", line 724, in _do_stop
    self.events.process_event_queue()
  File "c:\git\new folder (6)\mpf\mpf\core\events.py", line 842, in process_event_queue
    self._process_queue_event(event=event[0],
  File "c:\git\new folder (6)\mpf\mpf\core\events.py", line 783, in _process_queue_event
    task = asyncio.create_task(self._run_handlers_sequential(event, callback, kwargs))
  File "C:\Users\octo\AppData\Local\Programs\Python\Python310\lib\asyncio\tasks.py", line 336, in create_task
    loop = events.get_running_loop()
RuntimeError: no running event loop
